<?xml version="1.0" encoding="UTF-8"?>
<TestRun id="38e2cf80-1856-46b6-90ba-e60bc29162ac" name="Student@10266A-ANTONYN 2010-01-21 10:21:26" runUser="10266A-ANTONYN\Student" xmlns="http://microsoft.com/schemas/VisualStudio/TeamTest/2010">
  <TestSettings name="Local" id="c9c51990-3d7d-43a5-a648-e5bf04121a93">
    <Description>These are default test settings for a local test run.</Description>
    <Deployment enabled="false" runDeploymentRoot="Student_10266A-ANTONYN 2010-01-21 10_21_26">
      <DeploymentItem filename="E:\Demofiles\Mod3\Demo1\Starter\MethodRefactorAndTestDemo\MethodRefactorAndTestDemo\bin\Debug\MethodRefactorAndTestDemo.exe" />
    </Deployment>
    <Execution>
      <TestTypeSpecific />
      <AgentRule name="Execution Agents">
      </AgentRule>
    </Execution>
  </TestSettings>
  <Times creation="2010-01-21T10:21:26.8322890-08:00" queuing="2010-01-21T10:21:26.9016250-08:00" start="2010-01-21T10:21:27.0568984-08:00" finish="2010-01-21T10:21:27.7336562-08:00" />
  <ResultSummary outcome="Warning">
    <Counters total="1" executed="1" passed="1" error="0" failed="0" timeout="0" aborted="0" inconclusive="0" passedButRunAborted="0" notRunnable="0" notExecuted="0" disconnected="0" warning="0" completed="0" inProgress="0" pending="0" />
    <RunInfos>
      <RunInfo computerName="10266A-ANTONYN" outcome="Warning" timestamp="2010-01-21T10:21:26.9016250-08:00">
        <Text>Deployment is currently disabled. The deployment item 'MethodRefactorAndTestDemo.exe' on test 'TestProject1.ProgramTest.GenerateRandomNumbersTest' was not deployed.</Text>
      </RunInfo>
    </RunInfos>
  </ResultSummary>
  <TestDefinitions>
    <UnitTest name="GenerateRandomNumbersTest" storage="e:\demofiles\mod3\demo1\starter\methodrefactorandtestdemo\testproject1\bin\debug\testproject1.dll" id="2dd958a2-ab59-fc4f-5d37-e006b195e851">
      <DeploymentItems>
        <DeploymentItem filename="MethodRefactorAndTestDemo.exe" />
      </DeploymentItems>
      <Execution id="1537a4b0-c89a-4bcc-88f9-95bc808f5dad" />
      <TestMethod codeBase="E:/Demofiles/Mod3/Demo1/Starter/MethodRefactorAndTestDemo/TestProject1/bin/Debug/TestProject1.DLL" adapterTypeName="Microsoft.VisualStudio.TestTools.TestTypes.Unit.UnitTestAdapter, Microsoft.VisualStudio.QualityTools.Tips.UnitTest.Adapter, Version=10.0.0.0, Culture=neutral, PublicKeyToken=b03f5f7f11d50a3a" className="TestProject1.ProgramTest, TestProject1, Version=1.0.0.0, Culture=neutral, PublicKeyToken=null" name="GenerateRandomNumbersTest" />
    </UnitTest>
  </TestDefinitions>
  <TestLists>
    <TestList name="Results Not in a List" id="8c84fa94-04c1-424b-9868-57a2d4851a1d" />
    <TestList name="All Loaded Results" id="19431567-8539-422a-85d7-44ee4e166bda" />
  </TestLists>
  <TestEntries>
    <TestEntry testId="2dd958a2-ab59-fc4f-5d37-e006b195e851" executionId="1537a4b0-c89a-4bcc-88f9-95bc808f5dad" testListId="8c84fa94-04c1-424b-9868-57a2d4851a1d" />
  </TestEntries>
  <Results>
    <UnitTestResult executionId="1537a4b0-c89a-4bcc-88f9-95bc808f5dad" testId="2dd958a2-ab59-fc4f-5d37-e006b195e851" testName="GenerateRandomNumbersTest" computerName="10266A-ANTONYN" duration="00:00:00.0203640" startTime="2010-01-21T10:21:27.1535781-08:00" endTime="2010-01-21T10:21:27.5617812-08:00" testType="13cdc9d9-ddb5-4fa4-a97d-d965ccfc6d4b" outcome="Passed" testListId="8c84fa94-04c1-424b-9868-57a2d4851a1d" relativeResultsDirectory="1537a4b0-c89a-4bcc-88f9-95bc808f5dad">
    </UnitTestResult>
  </Results>
</TestRun>